Copyright 1986-2022 Xilinx, Inc. All Rights Reserved. Copyright 2022-2024 Advanced Micro Devices, Inc. All Rights Reserved.
---------------------------------------------------------------------------------------------------------------------------------------------
| Tool Version : Vivado v.2024.1 (win64) Build 5076996 Wed May 22 18:37:14 MDT 2024
| Date         : Sun Nov  3 14:33:28 2024
| Host         : Miles-G14 running 64-bit major release  (build 9200)
| Command      : report_drc -file RO_PUF_drc_opted.rpt -pb RO_PUF_drc_opted.pb -rpx RO_PUF_drc_opted.rpx
| Design       : RO_PUF
| Device       : xc7a35tcpg236-1
| Speed File   : -1
| Design State : Synthesized
---------------------------------------------------------------------------------------------------------------------------------------------

Report DRC

Table of Contents
-----------------
1. REPORT SUMMARY
2. REPORT DETAILS

1. REPORT SUMMARY
-----------------
            Netlist: netlist
          Floorplan: design_1
      Design limits: <entire design considered>
           Ruledeck: default
             Max violations: <unlimited>
             Violations found: 10
+----------+----------+-----------------------------------------------------+------------+
| Rule     | Severity | Description                                         | Violations |
+----------+----------+-----------------------------------------------------+------------+
| CFGBVS-1 | Warning  | Missing CFGBVS and CONFIG_VOLTAGE Design Properties | 1          |
| LUTLP-2  | Warning  | Combinatorial Loop Allowed                          | 9          |
+----------+----------+-----------------------------------------------------+------------+

2. REPORT DETAILS
-----------------
CFGBVS-1#1 Warning
Missing CFGBVS and CONFIG_VOLTAGE Design Properties  
Neither the CFGBVS nor CONFIG_VOLTAGE voltage property is set in the current_design.  Configuration bank voltage select (CFGBVS) must be set to VCCO or GND, and CONFIG_VOLTAGE must be set to the correct configuration voltage, in order to determine the I/O voltage support for the pins in bank 0.  It is suggested to specify these either using the 'Edit Device Properties' function in the GUI or directly in the XDC file using the following syntax:

 set_property CFGBVS value1 [current_design]
 #where value1 is either VCCO or GND

 set_property CONFIG_VOLTAGE value2 [current_design]
 #where value2 is the voltage provided to configuration bank 0

Refer to the device configuration user guide for more information.
Related violations: <none>

LUTLP-2#1 Warning
Combinatorial Loop Allowed  
20 Latch and LUT cells form a combinatorial loop. This can create a race condition. Timing analysis may not be accurate. The preferred resolution is to modify the design to remove combinatorial logic loops. This loop has been identified in the constraints as being known and understood by use of the ALLOW_COMBINATORIAL_LOOPS property on a net in the loop. The cells in the loop are: ro0/slice0/MUX_0/OUT_INST_0, ro0/slice0/MUX_0_i_1, ro0/slice0/MUX_0_i_2,
ro0/slice0/MUX_1/OUT_INST_0, ro0/slice0/MUX_2/OUT_INST_0,
ro0/slice0/MUX_3/OUT_INST_0, ro0/slice0/MUX_4/OUT_INST_0,
ro0/slice1/MUX_0/OUT_INST_0, ro0/slice1/MUX_0_i_1, ro0/slice1/MUX_0_i_2,
ro0/slice1/MUX_1/OUT_INST_0, ro0/slice1/MUX_2/OUT_INST_0,
ro0/slice2/MUX_0/OUT_INST_0, ro0/slice2/MUX_0_i_1, ro0/slice2/MUX_0_i_2
 (the first 15 of 20 listed).
Related violations: <none>

LUTLP-2#2 Warning
Combinatorial Loop Allowed  
20 Latch and LUT cells form a combinatorial loop. This can create a race condition. Timing analysis may not be accurate. The preferred resolution is to modify the design to remove combinatorial logic loops. This loop has been identified in the constraints as being known and understood by use of the ALLOW_COMBINATORIAL_LOOPS property on a net in the loop. The cells in the loop are: ro1/slice0/MUX_0/OUT_INST_0, ro1/slice0/MUX_0_i_1, ro1/slice0/MUX_0_i_2,
ro1/slice0/MUX_1/OUT_INST_0, ro1/slice0/MUX_2/OUT_INST_0,
ro1/slice0/MUX_3/OUT_INST_0, ro1/slice0/MUX_4/OUT_INST_0,
ro1/slice1/MUX_0/OUT_INST_0, ro1/slice1/MUX_0_i_1, ro1/slice1/MUX_0_i_2,
ro1/slice1/MUX_1/OUT_INST_0, ro1/slice1/MUX_2/OUT_INST_0,
ro1/slice2/MUX_0/OUT_INST_0, ro1/slice2/MUX_0_i_1, ro1/slice2/MUX_0_i_2
 (the first 15 of 20 listed).
Related violations: <none>

LUTLP-2#3 Warning
Combinatorial Loop Allowed  
20 Latch and LUT cells form a combinatorial loop. This can create a race condition. Timing analysis may not be accurate. The preferred resolution is to modify the design to remove combinatorial logic loops. This loop has been identified in the constraints as being known and understood by use of the ALLOW_COMBINATORIAL_LOOPS property on a net in the loop. The cells in the loop are: ro2/slice0/MUX_0/OUT_INST_0, ro2/slice0/MUX_0_i_1, ro2/slice0/MUX_0_i_2,
ro2/slice0/MUX_1/OUT_INST_0, ro2/slice0/MUX_2/OUT_INST_0,
ro2/slice0/MUX_3/OUT_INST_0, ro2/slice0/MUX_4/OUT_INST_0,
ro2/slice1/MUX_0/OUT_INST_0, ro2/slice1/MUX_0_i_1, ro2/slice1/MUX_0_i_2,
ro2/slice1/MUX_1/OUT_INST_0, ro2/slice1/MUX_2/OUT_INST_0,
ro2/slice2/MUX_0/OUT_INST_0, ro2/slice2/MUX_0_i_1, ro2/slice2/MUX_0_i_2
 (the first 15 of 20 listed).
Related violations: <none>

LUTLP-2#4 Warning
Combinatorial Loop Allowed  
20 Latch and LUT cells form a combinatorial loop. This can create a race condition. Timing analysis may not be accurate. The preferred resolution is to modify the design to remove combinatorial logic loops. This loop has been identified in the constraints as being known and understood by use of the ALLOW_COMBINATORIAL_LOOPS property on a net in the loop. The cells in the loop are: ro3/slice0/MUX_0/OUT_INST_0, ro3/slice0/MUX_0_i_1, ro3/slice0/MUX_0_i_2,
ro3/slice0/MUX_1/OUT_INST_0, ro3/slice0/MUX_2/OUT_INST_0,
ro3/slice0/MUX_3/OUT_INST_0, ro3/slice0/MUX_4/OUT_INST_0,
ro3/slice1/MUX_0/OUT_INST_0, ro3/slice1/MUX_0_i_1, ro3/slice1/MUX_0_i_2,
ro3/slice1/MUX_1/OUT_INST_0, ro3/slice1/MUX_2/OUT_INST_0,
ro3/slice2/MUX_0/OUT_INST_0, ro3/slice2/MUX_0_i_1, ro3/slice2/MUX_0_i_2
 (the first 15 of 20 listed).
Related violations: <none>

LUTLP-2#5 Warning
Combinatorial Loop Allowed  
20 Latch and LUT cells form a combinatorial loop. This can create a race condition. Timing analysis may not be accurate. The preferred resolution is to modify the design to remove combinatorial logic loops. This loop has been identified in the constraints as being known and understood by use of the ALLOW_COMBINATORIAL_LOOPS property on a net in the loop. The cells in the loop are: ro4/slice0/MUX_0/OUT_INST_0, ro4/slice0/MUX_0_i_1, ro4/slice0/MUX_0_i_2,
ro4/slice0/MUX_1/OUT_INST_0, ro4/slice0/MUX_2/OUT_INST_0,
ro4/slice0/MUX_3/OUT_INST_0, ro4/slice0/MUX_4/OUT_INST_0,
ro4/slice1/MUX_0/OUT_INST_0, ro4/slice1/MUX_0_i_1, ro4/slice1/MUX_0_i_2,
ro4/slice1/MUX_1/OUT_INST_0, ro4/slice1/MUX_2/OUT_INST_0,
ro4/slice2/MUX_0/OUT_INST_0, ro4/slice2/MUX_0_i_1, ro4/slice2/MUX_0_i_2
 (the first 15 of 20 listed).
Related violations: <none>

LUTLP-2#6 Warning
Combinatorial Loop Allowed  
20 Latch and LUT cells form a combinatorial loop. This can create a race condition. Timing analysis may not be accurate. The preferred resolution is to modify the design to remove combinatorial logic loops. This loop has been identified in the constraints as being known and understood by use of the ALLOW_COMBINATORIAL_LOOPS property on a net in the loop. The cells in the loop are: ro5/slice0/MUX_0/OUT_INST_0, ro5/slice0/MUX_0_i_1, ro5/slice0/MUX_0_i_2,
ro5/slice0/MUX_1/OUT_INST_0, ro5/slice0/MUX_2/OUT_INST_0,
ro5/slice0/MUX_3/OUT_INST_0, ro5/slice0/MUX_4/OUT_INST_0,
ro5/slice1/MUX_0/OUT_INST_0, ro5/slice1/MUX_0_i_1, ro5/slice1/MUX_0_i_2,
ro5/slice1/MUX_1/OUT_INST_0, ro5/slice1/MUX_2/OUT_INST_0,
ro5/slice2/MUX_0/OUT_INST_0, ro5/slice2/MUX_0_i_1, ro5/slice2/MUX_0_i_2
 (the first 15 of 20 listed).
Related violations: <none>

LUTLP-2#7 Warning
Combinatorial Loop Allowed  
20 Latch and LUT cells form a combinatorial loop. This can create a race condition. Timing analysis may not be accurate. The preferred resolution is to modify the design to remove combinatorial logic loops. This loop has been identified in the constraints as being known and understood by use of the ALLOW_COMBINATORIAL_LOOPS property on a net in the loop. The cells in the loop are: ro6/slice0/MUX_0/OUT_INST_0, ro6/slice0/MUX_0_i_1, ro6/slice0/MUX_0_i_2,
ro6/slice0/MUX_1/OUT_INST_0, ro6/slice0/MUX_2/OUT_INST_0,
ro6/slice0/MUX_3/OUT_INST_0, ro6/slice0/MUX_4/OUT_INST_0,
ro6/slice1/MUX_0/OUT_INST_0, ro6/slice1/MUX_0_i_1, ro6/slice1/MUX_0_i_2,
ro6/slice1/MUX_1/OUT_INST_0, ro6/slice1/MUX_2/OUT_INST_0,
ro6/slice2/MUX_0/OUT_INST_0, ro6/slice2/MUX_0_i_1, ro6/slice2/MUX_0_i_2
 (the first 15 of 20 listed).
Related violations: <none>

LUTLP-2#8 Warning
Combinatorial Loop Allowed  
20 Latch and LUT cells form a combinatorial loop. This can create a race condition. Timing analysis may not be accurate. The preferred resolution is to modify the design to remove combinatorial logic loops. This loop has been identified in the constraints as being known and understood by use of the ALLOW_COMBINATORIAL_LOOPS property on a net in the loop. The cells in the loop are: ro7/slice0/MUX_0/OUT_INST_0, ro7/slice0/MUX_0_i_1, ro7/slice0/MUX_0_i_2,
ro7/slice0/MUX_1/OUT_INST_0, ro7/slice0/MUX_2/OUT_INST_0,
ro7/slice0/MUX_3/OUT_INST_0, ro7/slice0/MUX_4/OUT_INST_0,
ro7/slice1/MUX_0/OUT_INST_0, ro7/slice1/MUX_0_i_1, ro7/slice1/MUX_0_i_2,
ro7/slice1/MUX_1/OUT_INST_0, ro7/slice1/MUX_2/OUT_INST_0,
ro7/slice2/MUX_0/OUT_INST_0, ro7/slice2/MUX_0_i_1, ro7/slice2/MUX_0_i_2
 (the first 15 of 20 listed).
Related violations: <none>

LUTLP-2#9 Warning
Combinatorial Loop Allowed  
20 Latch and LUT cells form a combinatorial loop. This can create a race condition. Timing analysis may not be accurate. The preferred resolution is to modify the design to remove combinatorial logic loops. This loop has been identified in the constraints as being known and understood by use of the ALLOW_COMBINATORIAL_LOOPS property on a net in the loop. The cells in the loop are: ro8/slice0/MUX_0/OUT_INST_0, ro8/slice0/MUX_0_i_1, ro8/slice0/MUX_0_i_2,
ro8/slice0/MUX_1/OUT_INST_0, ro8/slice0/MUX_2/OUT_INST_0,
ro8/slice0/MUX_3/OUT_INST_0, ro8/slice0/MUX_4/OUT_INST_0,
ro8/slice1/MUX_0/OUT_INST_0, ro8/slice1/MUX_0_i_1, ro8/slice1/MUX_0_i_2,
ro8/slice1/MUX_1/OUT_INST_0, ro8/slice1/MUX_2/OUT_INST_0,
ro8/slice2/MUX_0/OUT_INST_0, ro8/slice2/MUX_0_i_1, ro8/slice2/MUX_0_i_2
 (the first 15 of 20 listed).
Related violations: <none>


